<xml>
	<india id="@I1@">
		<name value="Vikas B Jatagond">
			<surname>Jatgond</surname>
			<givename>Vikas</givename>
		</name>
		<sex>M</sex>
	</india>
</xml>